VQE Geometry Optimization Results
========================================

=== Molecule Properties ===
Atoms:
  ['H', (0.0, 0.0, -0.37)]
  ['H', (0.0, 0.0, 0.37)]
Basis Set: sto-3g
Number of electrons: 2
Number of basis functions: 2

=== SCF Energy Results ===
Nucleic Repulsion Energy: 0.7151043390810812 Hartree
Electronic Energy: -1.8318636464775064 Hartree
Total energy: -1.1167593073964253 Hartree

=== Hartree-Fock Hamiltonian Components ===
Core Energy (Nuclear Repulsion): 0.7151043390810812 Hartree
One-Electron Integrals (h1e) in Hartree:
-1.253310 -0.000000
0.000000 -0.475069
Two-Electron Integrals (h2e) in Hartree:
0.674756 0.000000 0.000000 0.663711 -0.000000 0.181210 0.181210 -0.000000
0.000000 0.181210 0.181210 0.000000 0.663711 0.000000 -0.000000 0.697652

=== CASCI Hamiltonian Components ===
Core Energy (Nuclear Repulsion): 0.7151043390810812 Hartree
One-Electron Integrals (h1e) in Hartree:
-1.253310 -0.000000
0.000000 -0.475069
Two-Electron Integrals (h2e) in Hartree:
0.674756 0.000000 0.000000 0.663711 -0.000000 0.181210 0.181210 0.000000
-0.000000 0.181210 0.181210 0.000000 0.663711 0.000000 0.000000 0.697652


 === Comparing Jordan-Wigner and Bravyi-Kitaev Mappings ===

-- Jordan-Wigner Mapping --
Jordan-Wigner Hamiltonian has 15 Pauli terms
Time taken for Jordan-Wigner: 0.0028 seconds

-- Bravyi-Kitaev Mapping --
Bravyi-Kitaev Hamiltonian has 15 Pauli terms
Time taken for Bravyi-Kitaev: 0.0023 seconds

Speedup (BK vs JW): 1.22x
Term Reduction (BK vs JW): 1.00x

=== Qubit Hamiltonian ===
Number of qubits: 4
Number of Pauli terms: 15
Qubit Hamiltonian terms:
-0.097066 * IIII
0.171413 * IIIZ
0.171413 * IZII
-0.268734 * IIZI
-0.268734 * ZIII
0.168689 * IZIZ
0.165928 * IIZZ
0.165928 * ZIIZ
0.165928 * IZZI
0.165928 * ZZII
0.174413 * ZIZI
0.045303 * IXZX
-0.045303 * ZXZX
-0.045303 * IXIX
0.045303 * ZXIX


 === QuantumCircuit Ansatz Details ===
Number of qubits: 4
Number of parameters: 24
Depth: 17

Circuit:
global phase: -θ[0]/2 - θ[10]/2 - θ[11]/2 - θ[15]/2 - θ[16]/2 - θ[19]/2 - θ[20]/2 - θ[21]/2 - θ[23]/2 - θ[2]/2 - θ[4]/2 - θ[7]/2
     ┌────────────┐  ┌──────────┐  ░                           ░ »
q_0: ┤ R(π/4,π/2) ├──┤ U1(θ[0]) ├──░────────■──────────────────░─»
     ├────────────┤ ┌┴──────────┤  ░ ┌───┐┌─┴─┐┌───┐           ░ »
q_1: ┤ R(π/4,π/2) ├─┤ R(θ[1],0) ├──░─┤ H ├┤ X ├┤ H ├──■────────░─»
     ├────────────┤ └┬──────────┤  ░ └───┘└───┘├───┤┌─┴─┐┌───┐ ░ »
q_2: ┤ R(π/4,π/2) ├──┤ U1(θ[2]) ├──░────────■──┤ H ├┤ X ├┤ H ├─░─»
     ├────────────┤┌─┴──────────┴┐ ░ ┌───┐┌─┴─┐├───┤└───┘└───┘ ░ »
q_3: ┤ R(π/4,π/2) ├┤ R(θ[3],π/2) ├─░─┤ H ├┤ X ├┤ H ├───────────░─»
     └────────────┘└─────────────┘ ░ └───┘└───┘└───┘           ░ »
«      ┌──────────┐ ░                           ░ ┌───────────┐ ░ »
«q_0: ─┤ U1(θ[4]) ├─░────────■──────────────────░─┤ R(θ[8],0) ├─░─»
«     ┌┴──────────┤ ░ ┌───┐┌─┴─┐┌───┐           ░ ├───────────┤ ░ »
«q_1: ┤ R(θ[5],0) ├─░─┤ H ├┤ X ├┤ H ├──■────────░─┤ R(θ[9],0) ├─░─»
«     ├───────────┤ ░ └───┘└───┘├───┤┌─┴─┐┌───┐ ░ ├───────────┤ ░ »
«q_2: ┤ R(θ[6],0) ├─░────────■──┤ H ├┤ X ├┤ H ├─░─┤ U1(θ[10]) ├─░─»
«     └┬──────────┤ ░ ┌───┐┌─┴─┐├───┤└───┘└───┘ ░ ├───────────┤ ░ »
«q_3: ─┤ U1(θ[7]) ├─░─┤ H ├┤ X ├┤ H ├───────────░─┤ U1(θ[11]) ├─░─»
«      └──────────┘ ░ └───┘└───┘└───┘           ░ └───────────┘ ░ »
«                               ░  ┌────────────┐  ░           »
«q_0: ───────■──────────────────░──┤ R(θ[12],0) ├──░────────■──»
«     ┌───┐┌─┴─┐┌───┐           ░  ├────────────┤  ░ ┌───┐┌─┴─┐»
«q_1: ┤ H ├┤ X ├┤ H ├──■────────░──┤ R(θ[13],0) ├──░─┤ H ├┤ X ├»
«     └───┘└───┘├───┤┌─┴─┐┌───┐ ░ ┌┴────────────┴┐ ░ └───┘└───┘»
«q_2: ───────■──┤ H ├┤ X ├┤ H ├─░─┤ R(θ[14],π/2) ├─░────────■──»
«     ┌───┐┌─┴─┐├───┤└───┘└───┘ ░ └┬───────────┬─┘ ░ ┌───┐┌─┴─┐»
«q_3: ┤ H ├┤ X ├┤ H ├───────────░──┤ U1(θ[15]) ├───░─┤ H ├┤ X ├»
«     └───┘└───┘└───┘           ░  └───────────┘   ░ └───┘└───┘»
«                     ░  ┌───────────┐   ░                     »
«q_0: ────────────────░──┤ U1(θ[16]) ├───░────────■────────────»
«     ┌───┐           ░  ├───────────┴┐  ░ ┌───┐┌─┴─┐┌───┐     »
«q_1: ┤ H ├──■────────░──┤ R(θ[17],0) ├──░─┤ H ├┤ X ├┤ H ├──■──»
«     ├───┤┌─┴─┐┌───┐ ░ ┌┴────────────┴┐ ░ └───┘└───┘├───┤┌─┴─┐»
«q_2: ┤ H ├┤ X ├┤ H ├─░─┤ R(θ[18],π/2) ├─░────────■──┤ H ├┤ X ├»
«     ├───┤└───┘└───┘ ░ └┬───────────┬─┘ ░ ┌───┐┌─┴─┐├───┤└───┘»
«q_3: ┤ H ├───────────░──┤ U1(θ[19]) ├───░─┤ H ├┤ X ├┤ H ├─────»
«     └───┘           ░  └───────────┘   ░ └───┘└───┘└───┘     »
«           ░  ┌───────────┐  
«q_0: ──────░──┤ U1(θ[20]) ├──
«           ░  ├───────────┤  
«q_1: ──────░──┤ U1(θ[21]) ├──
«     ┌───┐ ░ ┌┴───────────┴─┐
«q_2: ┤ H ├─░─┤ R(θ[22],π/2) ├
«     └───┘ ░ └┬───────────┬─┘
«q_3: ──────░──┤ U1(θ[23]) ├──
«           ░  └───────────┘  

=== Bond Scan ===
Scanning 10 points from 0.2 Å to 1.5 Å

--- Point 1/10: Distance = 0.200 Å ---

=== VQE Single Point Optimization ===
Backend: aer_simulator
Method: Powell, Options: {'maxiter': 100}
Initial parameters shape: (12,)
Number of Ansatz parameters: 12

Optimization completed in 7 iterations.
Final energy: 0.225561 Hartree
VQE Energy at 0.200 Å: 0.225561 Ha

--- Point 2/10: Distance = 0.344 Å ---

=== VQE Single Point Optimization ===
Backend: aer_simulator
Method: Powell, Options: {'maxiter': 100}
Initial parameters shape: (12,)
Number of Ansatz parameters: 12

Optimization completed in 5 iterations.
Final energy: -0.773949 Hartree
VQE Energy at 0.344 Å: -0.773949 Ha

--- Point 3/10: Distance = 0.489 Å ---

=== VQE Single Point Optimization ===
Backend: aer_simulator
Method: Powell, Options: {'maxiter': 100}
Initial parameters shape: (12,)
Number of Ansatz parameters: 12

Optimization completed in 3 iterations.
Final energy: -1.042314 Hartree
VQE Energy at 0.489 Å: -1.042314 Ha

--- Point 4/10: Distance = 0.633 Å ---

=== VQE Single Point Optimization ===
Backend: aer_simulator
Method: Powell, Options: {'maxiter': 100}
Initial parameters shape: (12,)
Number of Ansatz parameters: 12

Optimization completed in 2 iterations.
Final energy: -1.118011 Hartree
VQE Energy at 0.633 Å: -1.118011 Ha

--- Point 5/10: Distance = 0.778 Å ---

=== VQE Single Point Optimization ===
Backend: aer_simulator
Method: Powell, Options: {'maxiter': 100}
Initial parameters shape: (12,)
Number of Ansatz parameters: 12

Optimization completed in 3 iterations.
Final energy: -1.120657 Hartree
VQE Energy at 0.778 Å: -1.120657 Ha

--- Point 6/10: Distance = 0.922 Å ---

=== VQE Single Point Optimization ===
Backend: aer_simulator
Method: Powell, Options: {'maxiter': 100}
Initial parameters shape: (12,)
Number of Ansatz parameters: 12

Optimization completed in 2 iterations.
Final energy: -1.096066 Hartree
VQE Energy at 0.922 Å: -1.096066 Ha

--- Point 7/10: Distance = 1.067 Å ---

=== VQE Single Point Optimization ===
Backend: aer_simulator
Method: Powell, Options: {'maxiter': 100}
Initial parameters shape: (12,)
Number of Ansatz parameters: 12

Optimization completed in 3 iterations.
Final energy: -1.052757 Hartree
VQE Energy at 1.067 Å: -1.052757 Ha

--- Point 8/10: Distance = 1.211 Å ---

=== VQE Single Point Optimization ===
Backend: aer_simulator
Method: Powell, Options: {'maxiter': 100}
Initial parameters shape: (12,)
Number of Ansatz parameters: 12

Optimization completed in 2 iterations.
Final energy: -1.007891 Hartree
VQE Energy at 1.211 Å: -1.007891 Ha

--- Point 9/10: Distance = 1.356 Å ---

=== VQE Single Point Optimization ===
Backend: aer_simulator
Method: Powell, Options: {'maxiter': 100}
Initial parameters shape: (12,)
Number of Ansatz parameters: 12

Optimization completed in 5 iterations.
Final energy: -0.976973 Hartree
VQE Energy at 1.356 Å: -0.976973 Ha

--- Point 10/10: Distance = 1.500 Å ---

=== VQE Single Point Optimization ===
Backend: aer_simulator
Method: Powell, Options: {'maxiter': 100}
Initial parameters shape: (12,)
Number of Ansatz parameters: 12

Optimization completed in 6 iterations.
Final energy: -0.958153 Hartree
VQE Energy at 1.500 Å: -0.958153 Ha

Optimal bond distance: 0.778 Å with energy -1.120657 Hartree
Geometry optimization results saved to bond_scan.dat
